[2025-10-27 11:16:04] Tried to run 'master_program.py' and failed. Error: [Errno 13] Permission denied: 'deliverables\\printable_inventory_sheet.xlsx'
[2025-10-27 11:16:33] Ran 'deliverable_creation.py' successfully.
[2025-10-27 11:16:33] Ran 'master_program.py' successfully.
[2025-10-27 11:17:35] Ran 'deliverable_creation.py' successfully.
[2025-10-27 11:17:35] Ran 'master_program.py' successfully.
[2025-10-27 11:20:03] Ran 'deliverable_creation.py' successfully.
[2025-10-27 11:20:03] Ran 'master_program.py' successfully.
[2025-10-27 11:26:56] Ran 'reading_inventory.py' successfully.
[2025-10-27 11:26:57] Ran 'deliverable_creation.py' successfully.
[2025-10-27 11:26:57] Ran 'master_program.py' successfully.
[2025-10-27 11:30:13] Ran 'reading_inventory.py' successfully.
[2025-10-27 11:30:15] Ran 'deliverable_creation.py' successfully.
[2025-10-27 11:30:15] Ran 'master_program.py' successfully.
[2025-10-27 11:31:46] Ran 'reading_sysco_invoice.py' successfully.
[2025-10-27 11:31:46] Ran 'update_pricing.py' successfully.
[2025-10-27 11:31:46] Ran 'reading_inventory.py' successfully.
[2025-10-27 11:31:47] Ran 'deliverable_creation.py' successfully.
[2025-10-27 11:31:47] Ran 'master_program.py' successfully.
[2025-10-27 13:42:33] Tried to run 'master_program.py' and failed. Error: Cannot save file into a non-existent directory: 'master\errors\sysco_error\20251027_134233'
[2025-10-27 13:44:09] Ran 'reading_sysco_invoice.py' successfully.
[2025-10-27 13:44:09] Tried to run 'master_program.py' and failed. Error: [Errno 2] No such file or directory: 'deliverables\\master_inventory.csv'
[2025-10-27 13:45:24] Ran 'reading_sysco_invoice.py' successfully.
[2025-10-27 13:45:25] Ran 'update_pricing.py' successfully.
[2025-10-27 13:45:25] Ran 'reading_inventory.py' successfully.
[2025-10-27 13:45:26] Ran 'deliverable_creation.py' successfully.
[2025-10-27 13:45:26] Ran 'master_program.py' successfully.
[2025-10-27 13:47:12] Ran 'reading_sysco_invoice.py' successfully.
[2025-10-27 13:47:12] Ran 'update_pricing.py' successfully.
[2025-10-27 13:47:12] Ran 'reading_inventory.py' successfully.
[2025-10-27 13:47:13] Ran 'deliverable_creation.py' successfully.
[2025-10-27 13:47:13] Ran 'master_program.py' successfully.
[2025-10-28 14:17:31] Ran 'reading_sysco_invoice.py' successfully.
[2025-10-28 14:17:32] Ran 'update_pricing.py' successfully.
[2025-10-28 14:17:32] Ran 'reading_inventory.py' successfully.
[2025-10-28 14:17:33] Ran 'deliverable_creation.py' successfully.
[2025-10-28 14:17:33] Ran 'master_program.py' successfully.
[2025-10-28 14:20:12] Ran 'reading_sysco_invoice.py' successfully.
[2025-10-28 14:21:01] Ran 'update_pricing.py' successfully.
[2025-10-28 14:28:43] Ran 'reading_sysco_invoice.py' successfully.
[2025-10-28 14:29:04] Ran 'update_pricing.py' successfully.
[2025-10-28 14:30:04] Ran 'reading_inventory.py' successfully.
[2025-10-28 14:30:08] Tried to run 'master_program.py' and failed. Error: [Errno 13] Permission denied: 'deliverables\\printable_inventory_sheet.xlsx'
[2025-10-28 14:30:41] Ran 'reading_sysco_invoice.py' successfully.
[2025-10-28 14:30:41] Ran 'update_pricing.py' successfully.
[2025-10-28 14:30:41] Ran 'reading_inventory.py' successfully.
[2025-10-28 14:30:41] Tried to run 'master_program.py' and failed. Error: [Errno 13] Permission denied: 'deliverables\\printable_inventory_sheet.xlsx'
[2025-10-28 14:35:11] Ran 'reading_sysco_invoice.py' successfully.
[2025-10-28 14:35:11] Ran 'update_pricing.py' successfully.
[2025-10-28 14:35:11] Ran 'reading_inventory.py' successfully.
[2025-10-28 14:35:11] Tried to run 'master_program.py' and failed. Error: [Errno 13] Permission denied: 'deliverables\\printable_inventory_sheet.xlsx'
[2025-10-28 14:36:01] Ran 'reading_sysco_invoice.py' successfully.
[2025-10-28 14:36:01] Ran 'update_pricing.py' successfully.
[2025-10-28 14:36:01] Ran 'reading_inventory.py' successfully.
[2025-10-28 14:36:01] Tried to run 'master_program.py' and failed. Error: [Errno 13] Permission denied: 'deliverables\\printable_inventory_sheet.xlsx'
[2025-10-28 14:36:19] Ran 'reading_sysco_invoice.py' successfully.
[2025-10-28 14:36:19] Ran 'update_pricing.py' successfully.
[2025-10-28 14:36:20] Ran 'reading_inventory.py' successfully.
[2025-10-28 14:36:21] Ran 'deliverable_creation.py' successfully.
[2025-10-28 14:36:21] Ran 'master_program.py' successfully.
[2025-10-28 14:38:26] Ran 'reading_sysco_invoice.py' successfully.
[2025-10-28 14:38:27] Ran 'update_pricing.py' successfully.
[2025-10-28 14:38:27] Ran 'reading_inventory.py' successfully.
[2025-10-28 14:38:28] Ran 'deliverable_creation.py' successfully.
[2025-10-28 14:38:28] Ran 'master_program.py' successfully.
[2025-10-28 14:49:35] Ran 'reading_sysco_invoice.py' successfully.
[2025-10-28 14:49:35] Ran 'update_pricing.py' successfully.
[2025-10-28 14:49:35] Ran 'reading_inventory.py' successfully.
[2025-10-28 14:49:36] Ran 'deliverable_creation.py' successfully.
[2025-10-28 14:49:36] Ran 'master_program.py' successfully.
[2025-10-28 14:50:07] Ran 'reading_sysco_invoice.py' successfully.
[2025-10-28 14:50:07] Ran 'update_pricing.py' successfully.
[2025-10-28 14:50:07] Ran 'reading_inventory.py' successfully.
[2025-10-28 14:50:09] Ran 'deliverable_creation.py' successfully.
[2025-10-28 14:50:09] Ran 'master_program.py' successfully.
[2025-10-28 14:50:45] Ran 'reading_sysco_invoice.py' successfully.
[2025-10-28 14:50:45] Ran 'update_pricing.py' successfully.
[2025-10-28 14:50:45] Ran 'reading_inventory.py' successfully.
[2025-10-28 14:52:32] Ran 'reading_sysco_invoice.py' successfully.
[2025-10-28 14:52:33] Ran 'update_pricing.py' successfully.
[2025-10-28 14:52:33] Ran 'reading_inventory.py' successfully.
[2025-10-28 14:52:52] Ran 'reading_sysco_invoice.py' successfully.
[2025-10-28 14:52:52] Ran 'update_pricing.py' successfully.
[2025-10-28 14:52:52] Ran 'reading_inventory.py' successfully.
[2025-10-28 14:58:16] Ran 'reading_sysco_invoice.py' successfully.
[2025-10-28 14:58:16] Ran 'update_pricing.py' successfully.
[2025-10-28 14:58:16] Ran 'reading_inventory.py' successfully.
[2025-10-28 14:59:46] Ran 'reading_sysco_invoice.py' successfully.
[2025-10-28 14:59:46] Ran 'update_pricing.py' successfully.
[2025-10-28 14:59:46] Ran 'reading_inventory.py' successfully.
[2025-10-28 15:00:02] Ran 'reading_sysco_invoice.py' successfully.
[2025-10-28 15:00:02] Ran 'update_pricing.py' successfully.
[2025-10-28 15:00:02] Ran 'reading_inventory.py' successfully.
[2025-10-28 15:00:20] Tried to run 'master_program.py' and failed. Error: not enough values to unpack (expected 2, got 1)
[2025-10-28 15:00:45] Ran 'reading_sysco_invoice.py' successfully.
[2025-10-28 15:00:46] Ran 'update_pricing.py' successfully.
[2025-10-28 15:00:46] Ran 'reading_inventory.py' successfully.
[2025-10-28 15:01:10] Ran 'reading_sysco_invoice.py' successfully.
[2025-10-28 15:01:10] Ran 'update_pricing.py' successfully.
[2025-10-28 15:01:10] Ran 'reading_inventory.py' successfully.
[2025-10-28 15:02:19] Ran 'reading_sysco_invoice.py' successfully.
[2025-10-28 15:02:20] Ran 'update_pricing.py' successfully.
[2025-10-28 15:02:20] Ran 'reading_inventory.py' successfully.
[2025-10-28 15:06:59] Ran 'reading_sysco_invoice.py' successfully.
[2025-10-28 15:06:59] Ran 'update_pricing.py' successfully.
[2025-10-28 15:06:59] Ran 'reading_inventory.py' successfully.
[2025-10-28 15:07:27] Tried to run 'master_program.py' and failed. Error: 'UNIT_TYPE'
[2025-10-28 15:08:29] Ran 'reading_sysco_invoice.py' successfully.
[2025-10-28 15:08:29] Ran 'update_pricing.py' successfully.
[2025-10-28 15:08:29] Ran 'reading_inventory.py' successfully.
[2025-10-28 15:08:33] Tried to run 'master_program.py' and failed. Error: 'ITEM'
[2025-10-28 15:09:01] Ran 'reading_sysco_invoice.py' successfully.
[2025-10-28 15:09:01] Ran 'update_pricing.py' successfully.
[2025-10-28 15:09:01] Ran 'reading_inventory.py' successfully.
[2025-10-28 15:11:32] Ran 'deliverable_creation.py' successfully.
[2025-10-28 15:11:32] Ran 'master_program.py' successfully.
[2025-10-28 15:15:58] Ran 'reading_sysco_invoice.py' successfully.
[2025-10-28 15:15:58] Ran 'update_pricing.py' successfully.
[2025-10-28 15:15:58] Ran 'reading_inventory.py' successfully.
[2025-10-28 15:15:59] Ran 'deliverable_creation.py' successfully.
[2025-10-28 15:15:59] Ran 'master_program.py' successfully.
[2025-10-28 15:16:32] Ran 'reading_sysco_invoice.py' successfully.
[2025-10-28 15:16:32] Ran 'update_pricing.py' successfully.
[2025-10-28 15:16:32] Ran 'reading_inventory.py' successfully.
[2025-10-28 15:16:33] Ran 'deliverable_creation.py' successfully.
[2025-10-28 15:16:33] Ran 'master_program.py' successfully.
[2025-10-28 15:16:50] Ran 'reading_sysco_invoice.py' successfully.
[2025-10-28 15:16:50] Ran 'update_pricing.py' successfully.
[2025-10-28 15:16:50] Ran 'reading_inventory.py' successfully.
[2025-10-28 15:16:51] Tried to run 'master_program.py' and failed. Error: [Errno 13] Permission denied: 'deliverables\\printable_inventory_sheet.xlsx'
[2025-10-28 15:20:51] Ran 'reading_sysco_invoice.py' successfully.
[2025-10-28 15:20:51] Ran 'update_pricing.py' successfully.
[2025-10-28 15:20:51] Ran 'reading_inventory.py' successfully.
[2025-10-28 15:20:51] Tried to run 'master_program.py' and failed. Error: [Errno 13] Permission denied: 'deliverables\\printable_inventory_sheet.xlsx'
[2025-10-28 15:20:58] Ran 'reading_sysco_invoice.py' successfully.
[2025-10-28 15:20:58] Ran 'update_pricing.py' successfully.
[2025-10-28 15:20:58] Ran 'reading_inventory.py' successfully.
[2025-10-28 15:20:59] Ran 'deliverable_creation.py' successfully.
[2025-10-28 15:20:59] Ran 'master_program.py' successfully.
[2025-10-28 15:21:45] Ran 'reading_sysco_invoice.py' successfully.
[2025-10-28 15:21:45] Ran 'update_pricing.py' successfully.
[2025-10-28 15:21:45] Ran 'reading_inventory.py' successfully.
[2025-10-28 15:21:46] Tried to run 'master_program.py' and failed. Error: [Errno 13] Permission denied: 'deliverables\\printable_inventory_sheet.xlsx'
[2025-10-28 15:21:52] Ran 'reading_sysco_invoice.py' successfully.
[2025-10-28 15:21:52] Ran 'update_pricing.py' successfully.
[2025-10-28 15:21:52] Ran 'reading_inventory.py' successfully.
[2025-10-28 15:21:53] Ran 'deliverable_creation.py' successfully.
[2025-10-28 15:21:53] Ran 'master_program.py' successfully.
[2025-10-28 15:36:19] Ran 'reading_sysco_invoice.py' successfully.
[2025-10-28 15:36:19] Ran 'update_pricing.py' successfully.
[2025-10-28 15:36:19] Ran 'reading_inventory.py' successfully.
[2025-10-28 15:36:19] Tried to run 'master_program.py' and failed. Error: [Errno 13] Permission denied: 'deliverables\\printable_inventory_sheet.xlsx'
[2025-10-28 15:36:31] Ran 'reading_sysco_invoice.py' successfully.
[2025-10-28 15:36:31] Ran 'update_pricing.py' successfully.
[2025-10-28 15:36:31] Ran 'reading_inventory.py' successfully.
[2025-10-28 15:36:32] Ran 'deliverable_creation.py' successfully.
[2025-10-28 15:36:32] Ran 'master_program.py' successfully.
[2025-10-28 15:39:20] Ran 'reading_sysco_invoice.py' successfully.
[2025-10-28 15:39:20] Ran 'update_pricing.py' successfully.
[2025-10-28 15:39:20] Ran 'reading_inventory.py' successfully.
[2025-10-28 15:39:21] Tried to run 'master_program.py' and failed. Error: 'MergedCell' object attribute 'value' is read-only
[2025-10-28 15:40:04] Ran 'reading_sysco_invoice.py' successfully.
[2025-10-28 15:40:04] Ran 'update_pricing.py' successfully.
[2025-10-28 15:40:04] Ran 'reading_inventory.py' successfully.
[2025-10-28 15:40:04] Tried to run 'master_program.py' and failed. Error: 'MergedCell' object attribute 'value' is read-only
[2025-10-28 15:41:10] Ran 'reading_sysco_invoice.py' successfully.
[2025-10-28 15:41:10] Ran 'update_pricing.py' successfully.
[2025-10-28 15:41:10] Ran 'reading_inventory.py' successfully.
[2025-10-28 15:41:11] Tried to run 'master_program.py' and failed. Error: 'MergedCell' object attribute 'value' is read-only
[2025-10-28 15:42:17] Ran 'reading_sysco_invoice.py' successfully.
[2025-10-28 15:42:17] Ran 'update_pricing.py' successfully.
[2025-10-28 15:42:17] Ran 'reading_inventory.py' successfully.
[2025-10-28 15:42:18] Ran 'deliverable_creation.py' successfully.
[2025-10-28 15:42:18] Ran 'master_program.py' successfully.
[2025-10-28 15:44:32] Ran 'deliverable_creation.py' successfully.
[2025-10-28 15:44:37] Ran 'reading_sysco_invoice.py' successfully.
[2025-10-28 15:44:37] Ran 'update_pricing.py' successfully.
[2025-10-28 15:44:37] Ran 'reading_inventory.py' successfully.
[2025-10-28 15:44:38] Ran 'deliverable_creation.py' successfully.
[2025-10-28 15:44:38] Ran 'master_program.py' successfully.
[2025-10-28 15:48:05] Ran 'reading_sysco_invoice.py' successfully.
[2025-10-28 15:48:05] Ran 'update_pricing.py' successfully.
[2025-10-28 15:48:05] Ran 'reading_inventory.py' successfully.
[2025-10-28 15:48:06] Ran 'deliverable_creation.py' successfully.
[2025-10-28 15:48:06] Ran 'master_program.py' successfully.
[2025-10-28 17:15:52] Ran 'reading_sysco_invoice.py' successfully.
[2025-10-28 17:15:52] Ran 'update_pricing.py' successfully.
[2025-10-28 17:15:52] Ran 'reading_inventory.py' successfully.
[2025-10-28 17:15:53] Ran 'deliverable_creation.py' successfully.
[2025-10-28 17:15:53] Ran 'master_program.py' successfully.
[2025-10-29 12:59:19] Ran 'reading_sysco_invoice.py' successfully.
[2025-10-29 12:59:19] Tried to run 'master_program.py' and failed. Error: type object 'datetime.datetime' has no attribute 'datetime'
[2025-10-29 13:00:01] Ran 'reading_sysco_invoice.py' successfully.
[2025-10-29 13:00:01] Ran 'update_pricing.py' successfully.
[2025-10-29 13:00:01] Ran 'reading_inventory.py' successfully.
[2025-10-29 13:00:03] Ran 'deliverable_creation.py' successfully.
[2025-10-29 13:00:03] Ran 'master_program.py' successfully.
[2025-10-29 13:05:06] Ran 'reading_sysco_invoice.py' successfully.
[2025-10-29 13:05:06] Ran 'update_pricing.py' successfully.
[2025-10-29 13:05:06] Ran 'reading_inventory.py' successfully.
[2025-10-29 13:05:07] Ran 'deliverable_creation.py' successfully.
[2025-10-29 13:05:07] Ran 'master_program.py' successfully.
[2025-10-29 13:22:35] Tried to run 'master_program.py' and failed. Error: main() missing 1 required positional argument: 'ROOT'
[2025-10-29 13:24:04] Ran 'reading_sysco_invoice.py' successfully.
[2025-10-29 13:24:04] Ran 'update_pricing.py' successfully.
[2025-10-29 13:24:04] Ran 'reading_inventory.py' successfully.
[2025-10-29 13:24:05] Ran 'deliverable_creation.py' successfully.
[2025-10-29 13:24:05] Ran 'master_program.py' successfully.
[2025-10-29 13:25:36] Ran 'reading_sysco_invoice.py' successfully.
[2025-10-29 13:25:36] Ran 'update_pricing.py' successfully.
[2025-10-29 13:25:36] Ran 'reading_inventory.py' successfully.
[2025-10-29 13:25:37] Ran 'deliverable_creation.py' successfully.
[2025-10-29 13:25:37] Ran 'master_program.py' successfully.
[2025-10-29 13:29:41] Ran 'reading_sysco_invoice.py' successfully.
[2025-10-29 13:29:41] Ran 'update_pricing.py' successfully.
[2025-10-29 13:29:41] Ran 'reading_inventory.py' successfully.
[2025-10-29 13:29:42] Ran 'deliverable_creation.py' successfully.
[2025-10-29 13:29:42] Ran 'master_program.py' successfully.
